HI-TECH Software C Compiler 

Linker command line:

--edf=C:\Program Files\HI-TECH Software\PICC\9.83\dat\en_msgs.txt -cs \
  -h+pr8B.sym -z -Q16F876A -ol.obj -Mpr8B.map -E1 -ACONST=00h-0FFhx32 \
  -ACODE=00h-07FFhx4 -ASTRCODE=00h-01FFFh -AENTRY=00h-0FFhx32 \
  -ASTRING=00h-0FFhx32 -ABANK0=020h-06Fh -ABANK1=0A0h-0EFh \
  -ABANK2=0110h-016Fh -ABANK3=0190h-01EFh \
  -ARAM=020h-06Fh,0A0h-0EFh,0110h-016Fh,0190h-01EFh \
  -AABS1=020h-07Fh,0A0h-0EFh,0110h-016Fh,0190h-01EFh -ACOMMON=070h-07Fh \
  -ASFR0=00h-01Fh -ASFR1=080h-09Fh -ASFR2=0100h-010Fh -ASFR3=0180h-018Fh \
  -preset_vec=00h,intentry,init,end_init -ppowerup=CODE -pfunctab=CODE \
  -ACONFIG=02007h-02007h -pconfig=CONFIG -DCONFIG=2 -AIDLOC=02000h-02003h \
  -pidloc=IDLOC -DIDLOC=2 -AEEDATA=00h-0FFh/02100h -peeprom_data=EEDATA \
  -DEEDATA=2 -DCODE=2 -DSTRCODE=2 -DSTRING=2 -DCONST=2 -DENTRY=2 -k \
  startup.obj pr8B.obj 

Object code version is 3.10

Machine type is 16F876A



                Name                               Link     Load   Length Selector   Space Scale
startup.obj     end_init                              0        0        3        0       0
pr8B.obj        config                             2007     2007        1     400E       0
                text228                             50E      50E       30      A1C       0
                text227                             3E0      3E0        F      7C0       0
                text226                             49B      49B       26      936       0
                text225                             47A      47A       21      8F4       0
                text224                             4C1      4C1       26      982       0
                text223                             402      402       14      804       0
                text222                             43E      43E       1D      87C       0
                text221                             4E7      4E7       27      9CE       0
                maintext                            53E      53E      2C2      A7C       0
                cstackBANK0                          20       20       3B       20       1
                cstackCOMMON                         70       70        C       70       1
                inittext                            3EF      3EF       13      7DE       0
                dataBANK1                            A0       A0       14       A0       1
                dataBANK0                            5B       5B       14       20       1
                cinit                               45B      45B       1F      8B6       0
                strings                               3        3       6C        6       0
                idataBANK1                          416      416       14      82C       0
                idataBANK0                          42A      42A       14      854       0

TOTAL           Name                               Link     Load   Length     Space
        CLASS   CONST          

        CLASS   CODE           
                end_init                              0        0        3         0
                text228                             50E      50E       30         0
                text227                             3E0      3E0        F         0
                text226                             49B      49B       26         0
                text225                             47A      47A       21         0
                text224                             4C1      4C1       26         0
                text223                             402      402       14         0
                text222                             43E      43E       1D         0
                text221                             4E7      4E7       27         0
                maintext                            53E      53E      2C2         0
                inittext                            3EF      3EF       13         0
                cinit                               45B      45B       1F         0
                idataBANK1                          416      416       14         0
                idataBANK0                          42A      42A       14         0

        CLASS   STRCODE        

        CLASS   ENTRY          

        CLASS   STRING         
                strings                               3        3       6C         0

        CLASS   BANK0          
                cstackBANK0                          20       20       3B         1
                dataBANK0                            5B       5B       14         1

        CLASS   BANK1          
                dataBANK1                            A0       A0       14         1

        CLASS   BANK2          

        CLASS   BANK3          

        CLASS   RAM            

        CLASS   ABS1           
                abs_s1                               7E       7E        2         1

        CLASS   COMMON         
                cstackCOMMON                         70       70        C         1

        CLASS   SFR0           

        CLASS   SFR1           

        CLASS   SFR2           

        CLASS   SFR3           

        CLASS   CONFIG         
                config                             2007     2007        1         0

        CLASS   IDLOC          

        CLASS   EEDATA         



SEGMENTS        Name                           Load    Length   Top    Selector   Space  Class     Delta

                reset_vec                      000000  000003  000003         0       0  CODE        2
                strings                        000003  00006C  00006F         6       0  STRING      2
                cstackBANK0                    000020  00004F  00006F        20       1  BANK0       1
                cstackCOMMON                   000070  00000C  00007C        70       1  COMMON      1
                dataBANK1                      0000A0  000014  0000B4        A0       1  BANK1       1
                text227                        0003E0  00000F  0003EF       7C0       0  CODE        2
                inittext                       0003EF  000013  000402       7DE       0  CODE        2
                text223                        000402  000014  000416       804       0  CODE        2
                idataBANK1                     000416  000014  00042A       82C       0  CODE        2
                idataBANK0                     00042A  000014  00043E       854       0  CODE        2
                text222                        00043E  00001D  00045B       87C       0  CODE        2
                cinit                          00045B  00001F  00047A       8B6       0  CODE        2
                text225                        00047A  000021  00049B       8F4       0  CODE        2
                text226                        00049B  000026  0004C1       936       0  CODE        2
                text224                        0004C1  000026  0004E7       982       0  CODE        2
                text221                        0004E7  000027  00050E       9CE       0  CODE        2
                text228                        00050E  000030  00053E       A1C       0  CODE        2
                maintext                       00053E  0002C2  000800       A7C       0  CODE        2
                config                         002007  000001  002008      400E       0  CONFIG      2


UNUSED ADDRESS RANGES

        Name                Unused          Largest block    Delta
        BANK0            006F-006F              1           1
        BANK1            00B4-00EF             3C           1
        BANK2            0110-016F             60           1
        BANK3            0190-01EF             60           1
        CODE             006F-03DF            371           2
                         0800-1FFF            800
        COMMON           007C-007D              2           1
        CONST            006F-03DF            100           2
                         0800-1FFF            100
        EEDATA           2100-21FF            100           2
        ENTRY            006F-03DF            100           2
                         0800-1FFF            100
        IDLOC            2000-2003              4           2
        RAM              006F-006F              1           1
                         00B4-00EF             3C
                         0110-016F             60
                         0190-01EF             60
        SFR0             0000-001F             20           1
        SFR1             0080-009F             20           1
        SFR2             0100-010F             10           1
        SFR3             0180-018F             10           1
        STRCODE          006F-03DF            371           2
                         0800-1FFF           1800
        STRING           006F-03DF            100           2
                         0800-1FFF            100

                                  Symbol Table

??_beep               cstackCOMMON 0078
??_delay              cstackCOMMON 0074
??_lcd_clr            cstackCOMMON 0079
??_lcd_goto           cstackCOMMON 0079
??_main               cstackBANK0  0020
??_send_char          cstackCOMMON 0078
??_send_config        cstackCOMMON 0078
??_send_string        cstackCOMMON 0079
??_uart_rec           cstackCOMMON 0070
?_beep                cstackCOMMON 0070
?_delay               cstackCOMMON 0070
?_lcd_clr             cstackCOMMON 0070
?_lcd_goto            cstackCOMMON 0070
?_main                cstackCOMMON 0070
?_send_char           cstackCOMMON 0070
?_send_config         cstackCOMMON 0070
?_send_string         cstackCOMMON 0070
?_uart_rec            cstackCOMMON 0070
_ADCON1               (abs)        009F
_BRGH                 (abs)        04C2
_CARRY                (abs)        0018
_CREN                 (abs)        00C4
_EEADR                (abs)        010D
_EECON1               (abs)        018C
_EECON2               (abs)        018D
_EEDATA               (abs)        010C
_GIE                  (abs)        005F
_PORTB                (abs)        0006
_RA2                  (abs)        002A
_RA3                  (abs)        002B
_RC0                  (abs)        0038
_RC1                  (abs)        0039
_RC2                  (abs)        003A
_RC3                  (abs)        003B
_RC4                  (abs)        003C
_RCIF                 (abs)        0065
_RCREG                (abs)        001A
_RD                   (abs)        0C60
_SPBRG                (abs)        0099
_SPEN                 (abs)        00C7
_TRISA                (abs)        0085
_TRISB                (abs)        0086
_TRISC                (abs)        0087
_TXEN                 (abs)        04C5
_WR                   (abs)        0C61
_WREN                 (abs)        0C62
__Habs1               abs1         0000
__Hbank0              bank0        0000
__Hbank1              bank1        0000
__Hbank2              bank2        0000
__Hbank3              bank3        0000
__Hcinit              cinit        0000
__Hclrtext            clrtext      0000
__Hcode               code         0000
__Hcommon             common       0000
__Hconfig             config       2008
__HcstackBANK0        cstackBANK0  0000
__HcstackCOMMON       cstackCOMMON 0000
__HdataBANK0          dataBANK0    0000
__HdataBANK1          dataBANK1    0000
__Heeprom_data        eeprom_data  0000
__Hend_init           end_init     0003
__Hfunctab            functab      0000
__HidataBANK0         idataBANK0   0000
__HidataBANK1         idataBANK1   0000
__Hidloc              idloc        0000
__Hinit               init         0000
__Hinittext           inittext     0000
__Hintentry           intentry     0000
__Hmaintext           maintext     0000
__Hpowerup            powerup      0000
__Hram                ram          0000
__Hreset_vec          reset_vec    0000
__Hsfr0               sfr0         0000
__Hsfr1               sfr1         0000
__Hsfr2               sfr2         0000
__Hsfr3               sfr3         0000
__Hstrings            strings      0000
__Htext               text         0000
__Labs1               abs1         0000
__Lbank0              bank0        0000
__Lbank1              bank1        0000
__Lbank2              bank2        0000
__Lbank3              bank3        0000
__Lcinit              cinit        0000
__Lclrtext            clrtext      0000
__Lcode               code         0000
__Lcommon             common       0000
__Lconfig             config       2007
__LcstackBANK0        cstackBANK0  0000
__LcstackCOMMON       cstackCOMMON 0000
__LdataBANK0          dataBANK0    0000
__LdataBANK1          dataBANK1    0000
__Leeprom_data        eeprom_data  0000
__Lend_init           end_init     0000
__Lfunctab            functab      0000
__LidataBANK0         idataBANK0   0000
__LidataBANK1         idataBANK1   0000
__Lidloc              idloc        0000
__Linit               init         0000
__Linittext           inittext     0000
__Lintentry           intentry     0000
__Lmaintext           maintext     0000
__Lpowerup            powerup      0000
__Lram                ram          0000
__Lreset_vec          reset_vec    0000
__Lsfr0               sfr0         0000
__Lsfr1               sfr1         0000
__Lsfr2               sfr2         0000
__Lsfr3               sfr3         0000
__Lstrings            strings      0000
__Ltext               text         0000
__S0                  (abs)        2008
__S1                  (abs)        00B4
__S2                  (abs)        0000
__end_of_beep         text225      049B
__end_of_delay        text228      053E
__end_of_lcd_clr      text223      0416
__end_of_lcd_goto     text222      045B
__end_of_main         maintext     0800
__end_of_send_char    text224      04E7
__end_of_send_config  text226      04C1
__end_of_send_string  text221      050E
__end_of_uart_rec     text227      03EF
__pcstackBANK0        cstackBANK0  0020
__pcstackCOMMON       cstackCOMMON 0070
__pdataBANK0          dataBANK0    005B
__pdataBANK1          dataBANK1    00A0
__pidataBANK0         idataBANK0   042A
__pidataBANK1         idataBANK1   0416
__pmaintext           maintext     053E
__pstrings            strings      0003
__ptext221            text221      04E7
__ptext222            text222      043E
__ptext223            text223      0402
__ptext224            text224      04C1
__ptext225            text225      047A
__ptext226            text226      049B
__ptext227            text227      03E0
__ptext228            text228      050E
__ptext229            text229      0000
__size_of_beep        (abs)        0000
__size_of_delay       (abs)        0000
__size_of_lcd_clr     (abs)        0000
__size_of_lcd_goto    (abs)        0000
__size_of_main        (abs)        0000
__size_of_send_char   (abs)        0000
__size_of_send_config (abs)        0000
__size_of_send_string (abs)        0000
__size_of_uart_rec    (abs)        0000
_beep                 text225      047A
_delay                text228      050E
_exit                 init         0000
_lcd_clr              text223      0402
_lcd_goto             text222      043E
_main                 maintext     053E
_send_char            text224      04C1
_send_config          text226      049B
_send_string          text221      04E7
_uart_rec             text227      03E0
btemp                 (abs)        007E
delay@data            cstackCOMMON 0070
end_of_initialization cinit        0476
init_fetch            inittext     03EF
init_ram              inittext     03F3
intlevel0             functab      0000
intlevel1             functab      0000
intlevel2             functab      0000
intlevel3             functab      0000
intlevel4             functab      0000
intlevel5             functab      0000
lcd_goto@data         cstackCOMMON 007A
main@F1007            dataBANK0    005B
main@F1009            dataBANK0    0065
main@F1011            dataBANK1    00A0
main@F1013            dataBANK1    00AA
main@data             cstackBANK0  004C
main@database         cstackBANK0  0058
main@i                cstackBANK0  005A
main@id_1             cstackBANK0  0038
main@id_2             cstackBANK0  0042
main@temp             cstackBANK0  0059
main@user_1           cstackBANK0  0024
main@user_2           cstackBANK0  002E
reset_vec             reset_vec    0000
send_char@data        cstackCOMMON 0078
send_config@data      cstackCOMMON 0078
send_string@i         cstackCOMMON 007A
send_string@s         cstackCOMMON 007B
start                 init         0000
start_initialization  cinit        045B
uart_rec@rec_data     cstackCOMMON 0071
wtemp0                (abs)        007E
