Microchip MPLAB XC8 Compiler V1.21 ()

Linker command line:

--edf=C:\Program Files\Microchip\xc8\v1.21\dat\en_msgs.txt -cs \
  -h+dist/default/production\PR8B.X.production.sym \
  --cmf=dist/default/production\PR8B.X.production.cmf -z -Q16F876A \
  -oC:\DOCUME~1\Sales\LOCALS~1\Temp\s3gg.6 \
  -Mdist/default/production/PR8B.X.production.map -E1 -ver=XC8 \
  -ACONST=00h-0FFhx32 -ACODE=00h-07FFhx4 -ASTRCODE=00h-01FFFh \
  -AENTRY=00h-0FFhx32 -ASTRING=00h-0FFhx32 -ACOMMON=070h-07Fh \
  -ABANK0=020h-06Fh -ABANK1=0A0h-0EFh -ABANK2=0110h-016Fh \
  -ABANK3=0190h-01EFh -ARAM=020h-06Fh,0A0h-0EFh,0110h-016Fh,0190h-01EFh \
  -AABS1=020h-07Fh,0A0h-0EFh,0110h-016Fh,0190h-01EFh -ASFR0=00h-01Fh \
  -ASFR1=080h-09Fh -ASFR2=0100h-010Fh -ASFR3=0180h-018Fh \
  -preset_vec=00h,intentry,init,end_init -ppowerup=CODE -pcinit=CODE \
  -pfunctab=CODE -ACONFIG=02007h-02007h -pconfig=CONFIG -DCONFIG=2 \
  -AIDLOC=02000h-02003h -pidloc=IDLOC -DIDLOC=2 -AEEDATA=00h-0FFh/02100h \
  -peeprom_data=EEDATA -DEEDATA=2 -DCODE=2 -DSTRCODE=2 -DSTRING=2 -DCONST=2 \
  -DENTRY=2 -k C:\DOCUME~1\Sales\LOCALS~1\Temp\s3gg.obj \
  dist/default/production\PR8B.X.production.obj 

Object code version is 3.11

Machine type is 16F876A



                Name                               Link     Load   Length Selector   Space Scale
C:\DOCUME~1\Sales\LOCALS~1\Temp\s3gg.obj
                end_init                              0        0        3        0       0
                config                             2007     2007        1     400E       0
dist/default/production\PR8B.X.production.obj
                cinit                               7E3      7E3       1D      FC6       0
                text8                               505      505       23      A0A       0
                text7                               528      528       24      A50       0
                text6                               476      476       12      8EC       0
                text5                               4B0      4B0       16      960       0
                text4                               54C      54C       24      A98       0
                text3                               4E5      4E5       20      9CA       0
                text2                               4C6      4C6       1F      98C       0
                text1                               45B      45B        A      8B6       0
                maintext                            570      570      273      AE0       0
                cstackBANK0                          20       20       3B       20       1
                cstackCOMMON                         70       70        C       70       1
                inittext                            465      465       11      8CA       0
                dataBANK1                            A0       A0       14       A0       1
                dataBANK0                            5B       5B       14       20       1
                strings                               3        3       6C        6       0
                idataBANK1                          488      488       14      910       0
                idataBANK0                          49C      49C       14      938       0

TOTAL           Name                               Link     Load   Length     Space
        CLASS   CONST          

        CLASS   CODE           
                end_init                              0        0        3         0
                cinit                               7E3      7E3       1D         0
                text8                               505      505       23         0
                text7                               528      528       24         0
                text6                               476      476       12         0
                text5                               4B0      4B0       16         0
                text4                               54C      54C       24         0
                text3                               4E5      4E5       20         0
                text2                               4C6      4C6       1F         0
                text1                               45B      45B        A         0
                maintext                            570      570      273         0
                inittext                            465      465       11         0
                idataBANK1                          488      488       14         0
                idataBANK0                          49C      49C       14         0

        CLASS   STRCODE        

        CLASS   ENTRY          

        CLASS   STRING         
                strings                               3        3       6C         0

        CLASS   COMMON         
                cstackCOMMON                         70       70        C         1

        CLASS   BANK0          
                cstackBANK0                          20       20       3B         1
                dataBANK0                            5B       5B       14         1

        CLASS   BANK1          
                dataBANK1                            A0       A0       14         1

        CLASS   BANK2          

        CLASS   BANK3          

        CLASS   RAM            

        CLASS   ABS1           
                abs_s1                               7E       7E        2         1

        CLASS   SFR0           

        CLASS   SFR1           

        CLASS   SFR2           

        CLASS   SFR3           

        CLASS   CONFIG         
                config                             2007     2007        1         0

        CLASS   IDLOC          

        CLASS   EEDATA         



SEGMENTS        Name                           Load    Length   Top    Selector   Space  Class     Delta

                reset_vec                      000000  000003  000003         0       0  CODE        2
                strings                        000003  00006C  00006F         6       0  STRING      2
                cstackBANK0                    000020  00004F  00006F        20       1  BANK0       1
                cstackCOMMON                   000070  00000C  00007C        70       1  COMMON      1
                dataBANK1                      0000A0  000014  0000B4        A0       1  BANK1       1
                text1                          00045B  00000A  000465       8B6       0  CODE        2
                inittext                       000465  000011  000476       8CA       0  CODE        2
                text6                          000476  000012  000488       8EC       0  CODE        2
                idataBANK1                     000488  000014  00049C       910       0  CODE        2
                idataBANK0                     00049C  000014  0004B0       938       0  CODE        2
                text5                          0004B0  000016  0004C6       960       0  CODE        2
                text2                          0004C6  00001F  0004E5       98C       0  CODE        2
                text3                          0004E5  000020  000505       9CA       0  CODE        2
                text8                          000505  000023  000528       A0A       0  CODE        2
                text7                          000528  000024  00054C       A50       0  CODE        2
                text4                          00054C  000024  000570       A98       0  CODE        2
                maintext                       000570  000273  0007E3       AE0       0  CODE        2
                cinit                          0007E3  00001D  000800       FC6       0  CODE        2
                config                         002007  000001  002008      400E       0  CONFIG      2


UNUSED ADDRESS RANGES

        Name                Unused          Largest block    Delta
        BANK0            006F-006F              1           1
        BANK1            00B4-00EF             3C           1
        BANK2            0110-016F             60           1
        BANK3            0190-01EF             60           1
        CODE             006F-045A            3EC           2
                         0800-1FFF            800
        COMMON           007C-007D              2           1
        CONST            006F-045A            100           2
                         0800-1FFF            100
        EEDATA           2100-21FF            100           2
        ENTRY            006F-045A            100           2
                         0800-1FFF            100
        IDLOC            2000-2003              4           2
        RAM              006F-006F              1           1
                         00B4-00EF             3C
                         0110-016F             60
                         0190-01EF             60
        SFR0             0000-001F             20           1
        SFR1             0080-009F             20           1
        SFR2             0100-010F             10           1
        SFR3             0180-018F             10           1
        STRCODE          006F-045A            3EC           2
                         0800-1FFF           1800
        STRING           006F-045A            100           2
                         0800-1FFF            100

                                  Symbol Table

?_delay                  cstackCOMMON 0070
_ADCON1                  (abs)        009F
_BRGH                    (abs)        04C2
_CREN                    (abs)        00C4
_PORTB                   (abs)        0006
_RA2                     (abs)        002A
_RA3                     (abs)        002B
_RC0                     (abs)        0038
_RC1                     (abs)        0039
_RC2                     (abs)        003A
_RC3                     (abs)        003B
_RC4                     (abs)        003C
_RCIF                    (abs)        0065
_RCREG                   (abs)        001A
_SPBRG                   (abs)        0099
_SPEN                    (abs)        00C7
_TRISA                   (abs)        0085
_TRISB                   (abs)        0086
_TRISC                   (abs)        0087
_TXEN                    (abs)        04C5
__CFG_BOREN$OFF          (abs)        0000
__CFG_CP$OFF             (abs)        0000
__CFG_CPD$OFF            (abs)        0000
__CFG_DEBUG$OFF          (abs)        0000
__CFG_FOSC$HS            (abs)        0000
__CFG_LVP$OFF            (abs)        0000
__CFG_PWRTE$ON           (abs)        0000
__CFG_WDTE$OFF           (abs)        0000
__CFG_WRT$OFF            (abs)        0000
__Habs1                  abs1         0000
__Hbank0                 bank0        0000
__Hbank1                 bank1        0000
__Hbank2                 bank2        0000
__Hbank3                 bank3        0000
__Hcinit                 cinit        0800
__Hclrtext               clrtext      0000
__Hcode                  code         0000
__Hcommon                common       0000
__Hconfig                config       2008
__HcstackBANK0           cstackBANK0  0000
__HcstackCOMMON          cstackCOMMON 0000
__HdataBANK0             dataBANK0    0000
__HdataBANK1             dataBANK1    0000
__Heeprom_data           eeprom_data  0000
__Hend_init              end_init     0003
__Hfunctab               functab      0000
__HidataBANK0            idataBANK0   0000
__HidataBANK1            idataBANK1   0000
__Hidloc                 idloc        0000
__Hinit                  init         0000
__Hinittext              inittext     0000
__Hintentry              intentry     0000
__Hmaintext              maintext     0000
__Hpowerup               powerup      0000
__Hram                   ram          0000
__Hreset_vec             reset_vec    0000
__Hsfr0                  sfr0         0000
__Hsfr1                  sfr1         0000
__Hsfr2                  sfr2         0000
__Hsfr3                  sfr3         0000
__Hstrings               strings      0000
__Htext                  text         0000
__Labs1                  abs1         0000
__Lbank0                 bank0        0000
__Lbank1                 bank1        0000
__Lbank2                 bank2        0000
__Lbank3                 bank3        0000
__Lcinit                 cinit        07E3
__Lclrtext               clrtext      0000
__Lcode                  code         0000
__Lcommon                common       0000
__Lconfig                config       2007
__LcstackBANK0           cstackBANK0  0000
__LcstackCOMMON          cstackCOMMON 0000
__LdataBANK0             dataBANK0    0000
__LdataBANK1             dataBANK1    0000
__Leeprom_data           eeprom_data  0000
__Lend_init              end_init     0000
__Lfunctab               functab      0000
__LidataBANK0            idataBANK0   0000
__LidataBANK1            idataBANK1   0000
__Lidloc                 idloc        0000
__Linit                  init         0000
__Linittext              inittext     0000
__Lintentry              intentry     0000
__Lmaintext              maintext     0000
__Lpowerup               powerup      0000
__Lram                   ram          0000
__Lreset_vec             reset_vec    0000
__Lsfr0                  sfr0         0000
__Lsfr1                  sfr1         0000
__Lsfr2                  sfr2         0000
__Lsfr3                  sfr3         0000
__Lstrings               strings      0000
__Ltext                  text         0000
__S0                     (abs)        2008
__S1                     (abs)        00B4
__S3                     (abs)        0000
___latbits               (abs)        0002
__end_of__initialization cinit        07FC
__end_of__stringdata     strings      006F
__end_of__stringtab      strings      0009
__end_of_beep            text2        04E5
__end_of_delay           text8        0528
__end_of_lcd_clr         text6        0488
__end_of_lcd_goto        text5        04C6
__end_of_main            maintext     07E3
__end_of_send_char       text4        0570
__end_of_send_config     text7        054C
__end_of_send_string     text3        0505
__end_of_uart_rec        text1        0465
__initialization         cinit        07E3
__pcstackBANK0           cstackBANK0  0020
__pcstackCOMMON          cstackCOMMON 0070
__pdataBANK0             dataBANK0    005B
__pdataBANK1             dataBANK1    00A0
__pidataBANK0            idataBANK0   049C
__pidataBANK1            idataBANK1   0488
__pmaintext              maintext     0570
__pstrings               strings      0003
__ptext1                 text1        045B
__ptext2                 text2        04C6
__ptext3                 text3        04E5
__ptext4                 text4        054C
__ptext5                 text5        04B0
__ptext6                 text6        0476
__ptext7                 text7        0528
__ptext8                 text8        0505
__size_of_beep           (abs)        0000
__size_of_delay          (abs)        0000
__size_of_lcd_clr        (abs)        0000
__size_of_lcd_goto       (abs)        0000
__size_of_main           (abs)        0000
__size_of_send_char      (abs)        0000
__size_of_send_config    (abs)        0000
__size_of_send_string    (abs)        0000
__size_of_uart_rec       (abs)        0000
__stringbase             strings      0008
__stringdata             strings      0009
__stringtab              strings      0003
_beep                    text2        04C6
_delay                   text8        0505
_lcd_clr                 text6        0476
_lcd_goto                text5        04B0
_main                    maintext     0570
_send_char               text4        054C
_send_config             text7        0528
_send_string             text3        04E5
_uart_rec                text1        045B
btemp                    (abs)        007E
delay@data               cstackCOMMON 0070
end_of_initialization    cinit        07FC
init_fetch0              inittext     0465
init_ram0                inittext     0469
intlevel0                functab      0000
intlevel1                functab      0000
intlevel2                functab      0000
intlevel3                functab      0000
intlevel4                functab      0000
intlevel5                functab      0000
lcd_goto@data            cstackCOMMON 007A
main@F1000               dataBANK0    005B
main@F1002               dataBANK0    0065
main@F1004               dataBANK1    00A0
main@F1006               dataBANK1    00AA
main@data                cstackBANK0  004C
main@database            cstackBANK0  0058
main@i                   cstackBANK0  005A
main@id_1                cstackBANK0  0038
main@id_2                cstackBANK0  0042
main@temp                cstackBANK0  0059
main@user_1              cstackBANK0  0024
main@user_2              cstackBANK0  002E
reset_vec                reset_vec    0000
send_char@data           cstackCOMMON 0078
send_config@data         cstackCOMMON 0078
send_string@i            cstackCOMMON 007A
send_string@s            cstackCOMMON 007B
start                    init         0000
start_initialization     cinit        07E3
uart_rec@rec_data        cstackCOMMON 0071
wtemp0                   (abs)        007E


FUNCTION INFORMATION:

 *************** function _main *****************
 Defined at:
		line 70 in file "../../Source file/PR8.c"
 Parameters:    Size  Location     Type
		None
 Auto vars:     Size  Location     Type
  data           12   44[BANK0 ] unsigned char [12]
  id_2           10   34[BANK0 ] unsigned char [10]
  id_1           10   24[BANK0 ] unsigned char [10]
  user_2         10   14[BANK0 ] unsigned char [10]
  user_1         10    4[BANK0 ] unsigned char [10]
  i               1   58[BANK0 ] unsigned char 
  temp            1   57[BANK0 ] unsigned char 
  database        1   56[BANK0 ] unsigned char 
 Return value:  Size  Location     Type
		None               void
 Registers used:
		wreg, fsr0l, fsr0h, status,2, status,0, pclath, cstack
 Tracked objects:
		On entry : 
		On exit  : 
		Unchanged: 
 Data sizes:     COMMON   BANK0   BANK1   BANK3   BANK2
      Params:         0       0       0       0       0
      Locals:         0      55       0       0       0
      Temps:          0       4       0       0       0
      Totals:         0      59       0       0       0
Total ram usage:       59 bytes
 Hardware stack levels required when called:    3
 This function calls:
		_send_config
		_lcd_clr
		_lcd_goto
		_send_string
		_beep
		_delay
		_uart_rec
		_send_char
 This function is called by:
		Startup code after reset
 This function uses a non-reentrant model


 *************** function _uart_rec *****************
 Defined at:
		line 264 in file "../../Source file/PR8.c"
 Parameters:    Size  Location     Type
		None
 Auto vars:     Size  Location     Type
  rec_data        1    1[COMMON] unsigned char 
 Return value:  Size  Location     Type
                  1    wreg      unsigned char 
 Registers used:
		wreg
 Tracked objects:
		On entry : 
		On exit  : 
		Unchanged: 
 Data sizes:     COMMON   BANK0   BANK1   BANK3   BANK2
      Params:         0       0       0       0       0
      Locals:         1       0       0       0       0
      Temps:          1       0       0       0       0
      Totals:         2       0       0       0       0
Total ram usage:        2 bytes
 Hardware stack levels used:    1
 This function calls:
		Nothing
 This function is called by:
		_main
 This function uses a non-reentrant model


 *************** function _beep *****************
 Defined at:
		line 272 in file "../../Source file/PR8.c"
 Parameters:    Size  Location     Type
		None
 Auto vars:     Size  Location     Type
		None
 Return value:  Size  Location     Type
		None               void
 Registers used:
		wreg, status,2, status,0, pclath, cstack
 Tracked objects:
		On entry : 
		On exit  : 
		Unchanged: 
 Data sizes:     COMMON   BANK0   BANK1   BANK3   BANK2
      Params:         0       0       0       0       0
      Locals:         0       0       0       0       0
      Temps:          0       0       0       0       0
      Totals:         0       0       0       0       0
Total ram usage:        0 bytes
 Hardware stack levels used:    1
 Hardware stack levels required when called:    1
 This function calls:
		_delay
 This function is called by:
		_main
 This function uses a non-reentrant model


 *************** function _send_string *****************
 Defined at:
		line 257 in file "../../Source file/PR8.c"
 Parameters:    Size  Location     Type
  s               1    wreg     PTR const unsigned char 
		 -> STR_11(15), STR_10(5), STR_9(7), STR_8(5), 
		 -> STR_7(7), STR_6(4), STR_5(17), STR_4(15), 
		 -> STR_3(14), STR_2(12), STR_1(13), 
 Auto vars:     Size  Location     Type
  s               1   11[COMMON] PTR const unsigned char 
		 -> STR_11(15), STR_10(5), STR_9(7), STR_8(5), 
		 -> STR_7(7), STR_6(4), STR_5(17), STR_4(15), 
		 -> STR_3(14), STR_2(12), STR_1(13), 
  i               1   10[COMMON] unsigned char 
 Return value:  Size  Location     Type
		None               void
 Registers used:
		wreg, fsr0l, fsr0h, status,2, status,0, pclath, cstack
 Tracked objects:
		On entry : 
		On exit  : 
		Unchanged: 
 Data sizes:     COMMON   BANK0   BANK1   BANK3   BANK2
      Params:         0       0       0       0       0
      Locals:         2       0       0       0       0
      Temps:          1       0       0       0       0
      Totals:         3       0       0       0       0
Total ram usage:        3 bytes
 Hardware stack levels used:    1
 Hardware stack levels required when called:    2
 This function calls:
		_send_char
 This function is called by:
		_main
 This function uses a non-reentrant model


 *************** function _send_char *****************
 Defined at:
		line 227 in file "../../Source file/PR8.c"
 Parameters:    Size  Location     Type
  data            1    wreg     unsigned char 
 Auto vars:     Size  Location     Type
  data            1    8[COMMON] unsigned char 
 Return value:  Size  Location     Type
		None               void
 Registers used:
		wreg, status,2, status,0, pclath, cstack
 Tracked objects:
		On entry : 
		On exit  : 
		Unchanged: 
 Data sizes:     COMMON   BANK0   BANK1   BANK3   BANK2
      Params:         0       0       0       0       0
      Locals:         1       0       0       0       0
      Temps:          0       0       0       0       0
      Totals:         1       0       0       0       0
Total ram usage:        1 bytes
 Hardware stack levels used:    1
 Hardware stack levels required when called:    1
 This function calls:
		_delay
 This function is called by:
		_main
		_send_string
 This function uses a non-reentrant model


 *************** function _lcd_goto *****************
 Defined at:
		line 238 in file "../../Source file/PR8.c"
 Parameters:    Size  Location     Type
  data            1    wreg     unsigned char 
 Auto vars:     Size  Location     Type
  data            1   10[COMMON] unsigned char 
 Return value:  Size  Location     Type
		None               void
 Registers used:
		wreg, status,2, status,0, pclath, cstack
 Tracked objects:
		On entry : 
		On exit  : 
		Unchanged: 
 Data sizes:     COMMON   BANK0   BANK1   BANK3   BANK2
      Params:         0       0       0       0       0
      Locals:         1       0       0       0       0
      Temps:          1       0       0       0       0
      Totals:         2       0       0       0       0
Total ram usage:        2 bytes
 Hardware stack levels used:    1
 Hardware stack levels required when called:    2
 This function calls:
		_send_config
 This function is called by:
		_main
 This function uses a non-reentrant model


 *************** function _lcd_clr *****************
 Defined at:
		line 251 in file "../../Source file/PR8.c"
 Parameters:    Size  Location     Type
		None
 Auto vars:     Size  Location     Type
		None
 Return value:  Size  Location     Type
		None               void
 Registers used:
		wreg, status,2, status,0, pclath, cstack
 Tracked objects:
		On entry : 
		On exit  : 
		Unchanged: 
 Data sizes:     COMMON   BANK0   BANK1   BANK3   BANK2
      Params:         0       0       0       0       0
      Locals:         0       0       0       0       0
      Temps:          0       0       0       0       0
      Totals:         0       0       0       0       0
Total ram usage:        0 bytes
 Hardware stack levels used:    1
 Hardware stack levels required when called:    2
 This function calls:
		_send_config
		_delay
 This function is called by:
		_main
 This function uses a non-reentrant model


 *************** function _send_config *****************
 Defined at:
		line 216 in file "../../Source file/PR8.c"
 Parameters:    Size  Location     Type
  data            1    wreg     unsigned char 
 Auto vars:     Size  Location     Type
  data            1    8[COMMON] unsigned char 
 Return value:  Size  Location     Type
		None               void
 Registers used:
		wreg, status,2, status,0, pclath, cstack
 Tracked objects:
		On entry : 
		On exit  : 
		Unchanged: 
 Data sizes:     COMMON   BANK0   BANK1   BANK3   BANK2
      Params:         0       0       0       0       0
      Locals:         1       0       0       0       0
      Temps:          0       0       0       0       0
      Totals:         1       0       0       0       0
Total ram usage:        1 bytes
 Hardware stack levels used:    1
 Hardware stack levels required when called:    1
 This function calls:
		_delay
 This function is called by:
		_main
		_lcd_goto
		_lcd_clr
 This function uses a non-reentrant model


 *************** function _delay *****************
 Defined at:
		line 211 in file "../../Source file/PR8.c"
 Parameters:    Size  Location     Type
  data            4    0[COMMON] unsigned long 
 Auto vars:     Size  Location     Type
		None
 Return value:  Size  Location     Type
		None               void
 Registers used:
		wreg
 Tracked objects:
		On entry : 
		On exit  : 
		Unchanged: 
 Data sizes:     COMMON   BANK0   BANK1   BANK3   BANK2
      Params:         4       0       0       0       0
      Locals:         0       0       0       0       0
      Temps:          4       0       0       0       0
      Totals:         8       0       0       0       0
Total ram usage:        8 bytes
 Hardware stack levels used:    1
 This function calls:
		Nothing
 This function is called by:
		_main
		_send_config
		_send_char
		_lcd_clr
		_beep
 This function uses a non-reentrant model



MODULE INFORMATION

Module		Function		Class		Link	Load	Size
../../Source file/PR8.c
		_delay         		CODE           	0505	0000	35
		_beep          		CODE           	04C6	0000	31
		_main          		CODE           	0570	0000	627
		_uart_rec      		CODE           	045B	0000	10
		_lcd_clr       		CODE           	0476	0000	18
		_lcd_goto      		CODE           	04B0	0000	22
		_send_string   		CODE           	04E5	0000	32
		_send_config   		CODE           	0528	0000	36
		_send_char     		CODE           	054C	0000	36

../../Source file/PR8.c estimated size: 847

shared
		__stringtab    		STRING         	0003	0000	6
		__stringdata   		STRING         	0009	0000	102
		__initializatio		CODE           	07E3	0000	25

shared estimated size: 133

